2026-06-03 13:03:04,129 - INFO - 当前平台: windows
2026-06-03 13:03:04,129 - INFO - 尝试加载字体列表: ['Microsoft YaHei', 'Microsoft YaHei', 'Microsoft YaHei UI', 'SimHei', 'SimSun', 'KaiTi', 'FangSong', 'Segoe UI', 'Arial', 'Tahoma', None]
2026-06-03 13:03:04,131 - INFO - 成功使用字体: Microsoft YaHei
2026-06-03 13:03:09,162 - INFO - 当前平台: windows
2026-06-03 13:03:09,163 - INFO - 尝试加载字体列表: ['Microsoft YaHei', 'Microsoft YaHei', 'Microsoft YaHei UI', 'SimHei', 'SimSun', 'KaiTi', 'FangSong', 'Segoe UI', 'Arial', 'Tahoma', None]
2026-06-03 13:03:09,165 - INFO - 成功使用字体: Microsoft YaHei
2026-06-03 13:03:09,176 - INFO - 当前平台: windows
2026-06-03 13:03:09,176 - INFO - 尝试加载字体列表: ['Microsoft YaHei', 'Microsoft YaHei', 'Microsoft YaHei UI', 'SimHei', 'SimSun', 'KaiTi', 'FangSong', 'Segoe UI', 'Arial', 'Tahoma', None]
2026-06-03 13:03:09,179 - INFO - 成功使用字体: Microsoft YaHei
2026-06-03 13:03:27,605 - ERROR - 保存存档失败: [Errno 13] Permission denied: 'e:\\san_guo\\PY C++\\ASSET\\save.json'
2026-06-03 13:03:40,120 - INFO - No OpenGL_accelerate module loaded: No module named 'OpenGL_accelerate'
2026-06-03 13:03:43,956 - ERROR - 启动模块 game_map_3d.py 失败：name 'center_y' is not defined
2026-06-03 13:03:43,956 - ERROR - 详细错误信息：
2026-06-03 13:03:44,013 - ERROR - Traceback (most recent call last):
  File "e:\san_guo\PY C++\ASSET\game_main_menu.py", line 1284, in run_module
    map_3d_main()
    ~~~~~~~~~~~^^
  File "e:\san_guo\PY C++\ASSET\game_map_3d.py", line 3409, in main
    game_map_3d.main()
    ~~~~~~~~~~~~~~~~^^
  File "e:\san_guo\PY C++\ASSET\game_map_3d.py", line 3397, in main
    self.draw_mc_hud()
    ~~~~~~~~~~~~~~~~^^
  File "e:\san_guo\PY C++\ASSET\game_map_3d.py", line 2258, in draw_mc_hud
    (center_x - crosshair_size, center_y),
                                ^^^^^^^^
NameError: name 'center_y' is not defined

2026-08-12 13:11:54,948 - INFO - [存档] 开始加载: C:\Users\a\AppData\Local\Temp\_MEI266642\ASSET\save.json
2026-08-12 13:11:54,949 - INFO - [存档] 加载成功，开始补全缺失键
2026-08-12 13:12:19,438 - INFO - [字体] 系统=Windows, 安卓=False
2026-08-12 13:12:19,452 - INFO - [字体] Windows 选择系统字体: Microsoft YaHei
2026-08-12 13:12:19,463 - INFO - 当前平台: windows
2026-08-12 13:12:19,464 - INFO - 尝试加载字体列表: ['Microsoft YaHei', 'Microsoft YaHei', 'Microsoft YaHei UI', 'SimHei', 'SimSun', 'KaiTi', 'FangSong', 'Segoe UI', 'Arial', 'Tahoma', None]
2026-08-12 13:12:19,480 - INFO - 成功使用字体: Microsoft YaHei
2026-08-12 13:12:24,514 - INFO - [字体] 系统=Windows, 安卓=False
2026-08-12 13:12:24,524 - INFO - [字体] Windows 选择系统字体: Microsoft YaHei
2026-08-12 13:12:24,532 - INFO - 当前平台: windows
2026-08-12 13:12:24,533 - INFO - 尝试加载字体列表: ['Microsoft YaHei', 'Microsoft YaHei', 'Microsoft YaHei UI', 'SimHei', 'SimSun', 'KaiTi', 'FangSong', 'Segoe UI', 'Arial', 'Tahoma', None]
2026-08-12 13:12:24,558 - INFO - 成功使用字体: Microsoft YaHei
2026-08-12 13:12:24,572 - INFO - [字体] 系统=Windows, 安卓=False
2026-08-12 13:12:24,580 - INFO - [字体] Windows 选择系统字体: Microsoft YaHei
2026-08-12 13:12:24,589 - INFO - 当前平台: windows
2026-08-12 13:12:24,590 - INFO - 尝试加载字体列表: ['Microsoft YaHei', 'Microsoft YaHei', 'Microsoft YaHei UI', 'SimHei', 'SimSun', 'KaiTi', 'FangSong', 'Segoe UI', 'Arial', 'Tahoma', None]
2026-08-12 13:12:24,618 - INFO - 成功使用字体: Microsoft YaHei
2026-08-12 13:12:31,993 - ERROR - [存档] 保存失败: [Errno 13] Permission denied: 'C:\\Users\\a\\AppData\\Local\\Temp\\_MEI266642\\ASSET\\save.json'
Traceback (most recent call last):
  File "ASSET\game_data.py", line 1861, in save
    with open(SAVE_PATH, "w", encoding="utf-8") as f:
         ~~~~^^^^^^^^^^^^^^^^^^^^^^^^^^^^^^^^^^
PermissionError: [Errno 13] Permission denied: 'C:\\Users\\a\\AppData\\Local\\Temp\\_MEI266642\\ASSET\\save.json'
2026-08-12 13:12:35,810 - ERROR - [存档] 保存失败: [Errno 13] Permission denied: 'C:\\Users\\a\\AppData\\Local\\Temp\\_MEI266642\\ASSET\\save.json'
Traceback (most recent call last):
  File "ASSET\game_data.py", line 1861, in save
    with open(SAVE_PATH, "w", encoding="utf-8") as f:
         ~~~~^^^^^^^^^^^^^^^^^^^^^^^^^^^^^^^^^^
PermissionError: [Errno 13] Permission denied: 'C:\\Users\\a\\AppData\\Local\\Temp\\_MEI266642\\ASSET\\save.json'
2026-08-12 13:12:36,251 - ERROR - [存档] 保存失败: [Errno 13] Permission denied: 'C:\\Users\\a\\AppData\\Local\\Temp\\_MEI266642\\ASSET\\save.json'
Traceback (most recent call last):
  File "ASSET\game_data.py", line 1861, in save
    with open(SAVE_PATH, "w", encoding="utf-8") as f:
         ~~~~^^^^^^^^^^^^^^^^^^^^^^^^^^^^^^^^^^
PermissionError: [Errno 13] Permission denied: 'C:\\Users\\a\\AppData\\Local\\Temp\\_MEI266642\\ASSET\\save.json'
2026-08-12 13:12:36,633 - ERROR - [存档] 保存失败: [Errno 13] Permission denied: 'C:\\Users\\a\\AppData\\Local\\Temp\\_MEI266642\\ASSET\\save.json'
Traceback (most recent call last):
  File "ASSET\game_data.py", line 1861, in save
    with open(SAVE_PATH, "w", encoding="utf-8") as f:
         ~~~~^^^^^^^^^^^^^^^^^^^^^^^^^^^^^^^^^^
PermissionError: [Errno 13] Permission denied: 'C:\\Users\\a\\AppData\\Local\\Temp\\_MEI266642\\ASSET\\save.json'
2026-08-12 13:12:37,047 - ERROR - [存档] 保存失败: [Errno 13] Permission denied: 'C:\\Users\\a\\AppData\\Local\\Temp\\_MEI266642\\ASSET\\save.json'
Traceback (most recent call last):
  File "ASSET\game_data.py", line 1861, in save
    with open(SAVE_PATH, "w", encoding="utf-8") as f:
         ~~~~^^^^^^^^^^^^^^^^^^^^^^^^^^^^^^^^^^
PermissionError: [Errno 13] Permission denied: 'C:\\Users\\a\\AppData\\Local\\Temp\\_MEI266642\\ASSET\\save.json'
2026-08-12 13:12:37,449 - ERROR - [存档] 保存失败: [Errno 13] Permission denied: 'C:\\Users\\a\\AppData\\Local\\Temp\\_MEI266642\\ASSET\\save.json'
Traceback (most recent call last):
  File "ASSET\game_data.py", line 1861, in save
    with open(SAVE_PATH, "w", encoding="utf-8") as f:
         ~~~~^^^^^^^^^^^^^^^^^^^^^^^^^^^^^^^^^^
PermissionError: [Errno 13] Permission denied: 'C:\\Users\\a\\AppData\\Local\\Temp\\_MEI266642\\ASSET\\save.json'
2026-08-12 13:12:50,972 - ERROR - [存档] 保存失败: [Errno 13] Permission denied: 'C:\\Users\\a\\AppData\\Local\\Temp\\_MEI266642\\ASSET\\save.json'
Traceback (most recent call last):
  File "ASSET\game_data.py", line 1861, in save
    with open(SAVE_PATH, "w", encoding="utf-8") as f:
         ~~~~^^^^^^^^^^^^^^^^^^^^^^^^^^^^^^^^^^
PermissionError: [Errno 13] Permission denied: 'C:\\Users\\a\\AppData\\Local\\Temp\\_MEI266642\\ASSET\\save.json'
2026-08-12 13:16:31,915 - INFO - [存档] 开始加载: C:\Users\a\AppData\Local\Temp\_MEI97242\ASSET\save.json
2026-08-12 13:16:31,916 - INFO - [存档] 加载成功，开始补全缺失键
2026-08-12 13:16:42,774 - INFO - [字体] 系统=Windows, 安卓=False
2026-08-12 13:16:42,775 - INFO - [字体] 选择打包字体: C:\Users\a\AppData\Local\Temp\_MEI97242\fonts\字魂白鸽天行体(商用需授权).ttf
2026-08-12 13:16:42,780 - INFO - 当前平台: windows
2026-08-12 13:16:42,781 - INFO - 尝试加载字体列表: ['C:\\Users\\a\\AppData\\Local\\Temp\\_MEI97242\\fonts\\字魂白鸽天行体(商用需授权).ttf', 'Microsoft YaHei', 'Microsoft YaHei UI', 'SimHei', 'SimSun', 'KaiTi', 'FangSong', 'Segoe UI', 'Arial', 'Tahoma', None]
2026-08-12 13:16:42,793 - INFO - 成功使用字体: C:\Users\a\AppData\Local\Temp\_MEI97242\fonts\字魂白鸽天行体(商用需授权).ttf
2026-08-12 13:16:47,823 - INFO - [字体] 系统=Windows, 安卓=False
2026-08-12 13:16:47,824 - INFO - [字体] 选择打包字体: C:\Users\a\AppData\Local\Temp\_MEI97242\fonts\字魂白鸽天行体(商用需授权).ttf
2026-08-12 13:16:47,827 - INFO - 当前平台: windows
2026-08-12 13:16:47,827 - INFO - 尝试加载字体列表: ['C:\\Users\\a\\AppData\\Local\\Temp\\_MEI97242\\fonts\\字魂白鸽天行体(商用需授权).ttf', 'Microsoft YaHei', 'Microsoft YaHei UI', 'SimHei', 'SimSun', 'KaiTi', 'FangSong', 'Segoe UI', 'Arial', 'Tahoma', None]
2026-08-12 13:16:47,834 - INFO - 成功使用字体: C:\Users\a\AppData\Local\Temp\_MEI97242\fonts\字魂白鸽天行体(商用需授权).ttf
2026-08-12 13:16:47,837 - INFO - [字体] 系统=Windows, 安卓=False
2026-08-12 13:16:47,838 - INFO - [字体] 选择打包字体: C:\Users\a\AppData\Local\Temp\_MEI97242\fonts\字魂白鸽天行体(商用需授权).ttf
2026-08-12 13:16:47,842 - INFO - 当前平台: windows
2026-08-12 13:16:47,842 - INFO - 尝试加载字体列表: ['C:\\Users\\a\\AppData\\Local\\Temp\\_MEI97242\\fonts\\字魂白鸽天行体(商用需授权).ttf', 'Microsoft YaHei', 'Microsoft YaHei UI', 'SimHei', 'SimSun', 'KaiTi', 'FangSong', 'Segoe UI', 'Arial', 'Tahoma', None]
2026-08-12 13:16:47,851 - INFO - 成功使用字体: C:\Users\a\AppData\Local\Temp\_MEI97242\fonts\字魂白鸽天行体(商用需授权).ttf
2026-08-12 13:17:21,292 - ERROR - [存档] 保存失败: [Errno 13] Permission denied: 'C:\\Users\\a\\AppData\\Local\\Temp\\_MEI97242\\ASSET\\save.json'
Traceback (most recent call last):
  File "ASSET\game_data.py", line 1861, in save
    with open(SAVE_PATH, "w", encoding="utf-8") as f:
         ~~~~^^^^^^^^^^^^^^^^^^^^^^^^^^^^^^^^^^
PermissionError: [Errno 13] Permission denied: 'C:\\Users\\a\\AppData\\Local\\Temp\\_MEI97242\\ASSET\\save.json'
2026-08-12 13:31:45,648 - INFO - [存档] 开始加载: C:\Users\a\AppData\Roaming\SangoHeroes\save.json
2026-08-12 13:31:45,651 - INFO - [存档] 加载成功，开始补全缺失键
2026-08-12 13:31:45,654 - ERROR - [存档] 保存失败: [Errno 13] Permission denied: 'C:\\Users\\a\\AppData\\Roaming\\SangoHeroes\\save.json'
Traceback (most recent call last):
  File "C:\Users\a\Desktop\san_guo\Android\ASSET\game_data.py", line 1926, in save
    with open(SAVE_PATH, "w", encoding="utf-8") as f:
         ~~~~^^^^^^^^^^^^^^^^^^^^^^^^^^^^^^^^^^
PermissionError: [Errno 13] Permission denied: 'C:\\Users\\a\\AppData\\Roaming\\SangoHeroes\\save.json'
2026-08-12 13:31:45,708 - ERROR - [存档] 保存失败: [Errno 13] Permission denied: 'C:\\Users\\a\\AppData\\Roaming\\SangoHeroes\\save.json'
Traceback (most recent call last):
  File "C:\Users\a\Desktop\san_guo\Android\ASSET\game_data.py", line 1926, in save
    with open(SAVE_PATH, "w", encoding="utf-8") as f:
         ~~~~^^^^^^^^^^^^^^^^^^^^^^^^^^^^^^^^^^
PermissionError: [Errno 13] Permission denied: 'C:\\Users\\a\\AppData\\Roaming\\SangoHeroes\\save.json'
2026-08-12 13:53:37,449 - INFO - [存档] 开始加载: C:\Users\a\Desktop\san_guo\Android\ASSET\save.json
2026-08-12 13:53:37,451 - INFO - [存档] 加载成功，开始补全缺失键
2026-08-12 13:53:37,529 - ERROR - [存档] 保存失败: [Errno 13] Permission denied: 'C:\\Users\\a\\Desktop\\san_guo\\Android\\ASSET\\save.json'
Traceback (most recent call last):
  File "C:\Users\a\Desktop\san_guo\Android\ASSET\game_data.py", line 1926, in save
    with open(SAVE_PATH, "w", encoding="utf-8") as f:
         ~~~~^^^^^^^^^^^^^^^^^^^^^^^^^^^^^^^^^^
PermissionError: [Errno 13] Permission denied: 'C:\\Users\\a\\Desktop\\san_guo\\Android\\ASSET\\save.json'
2026-08-12 13:53:37,546 - ERROR - [存档] 保存失败: [Errno 13] Permission denied: 'C:\\Users\\a\\Desktop\\san_guo\\Android\\ASSET\\save.json'
Traceback (most recent call last):
  File "C:\Users\a\Desktop\san_guo\Android\ASSET\game_data.py", line 1926, in save
    with open(SAVE_PATH, "w", encoding="utf-8") as f:
         ~~~~^^^^^^^^^^^^^^^^^^^^^^^^^^^^^^^^^^
PermissionError: [Errno 13] Permission denied: 'C:\\Users\\a\\Desktop\\san_guo\\Android\\ASSET\\save.json'
2026-08-12 14:07:55,642 - INFO - [存档] 开始加载: c:\Users\a\Desktop\san_guo\Android\ASSET\save.json
2026-08-12 14:07:55,643 - INFO - [存档] 加载成功，开始补全缺失键
2026-08-12 14:08:09,281 - INFO - [存档] 开始加载: c:\Users\a\Desktop\san_guo\Android\ASSET\save.json
2026-08-12 14:08:09,284 - INFO - [存档] 加载成功，开始补全缺失键
2026-08-12 14:10:24,036 - INFO - [存档] 开始加载: c:\Users\a\Desktop\san_guo\Android\ASSET\save.json
2026-08-12 14:10:24,037 - INFO - [存档] 加载成功，开始补全缺失键
2026-08-12 14:13:22,271 - INFO - [存档] 开始加载: c:\Users\a\Desktop\san_guo\Android\ASSET\save.json
2026-08-12 14:13:22,272 - INFO - [存档] 加载成功，开始补全缺失键
2026-08-12 14:14:28,627 - INFO - [存档] 开始加载: c:\Users\a\Desktop\san_guo\Android\ASSET\save.json
2026-08-12 14:14:28,628 - INFO - [存档] 加载成功，开始补全缺失键
2026-08-12 21:53:30,878 - INFO - [存档] 开始加载: c:\Users\a\Desktop\san_guo\Android\ASSET\save.json
2026-08-12 21:53:30,880 - INFO - [存档] 加载成功，开始补全缺失键
2026-08-12 21:53:31,212 - INFO - [字体] 系统=Windows, 安卓=False
2026-08-12 21:53:31,236 - INFO - [字体] 选择打包字体: c:\Users\a\Desktop\san_guo\Android\ASSET\fonts\zihun.ttf
2026-08-12 21:53:31,238 - INFO - [字体] 系统=Windows, 安卓=False
2026-08-12 21:53:31,256 - INFO - [字体] 选择打包字体: c:\Users\a\Desktop\san_guo\Android\ASSET\fonts\zihun.ttf
2026-08-12 21:58:10,952 - INFO - [存档] 开始加载: c:\Users\a\Desktop\san_guo\Android\ASSET\save.json
2026-08-12 21:58:10,955 - INFO - [存档] 加载成功，开始补全缺失键
2026-08-12 21:58:11,606 - INFO - [字体] 使用系统字体: Microsoft YaHei
2026-08-12 21:58:11,613 - INFO - [字体] 使用系统字体: Microsoft YaHei
2026-08-12 21:58:45,548 - INFO - [存档] 开始加载: c:\Users\a\Desktop\san_guo\Android\ASSET\save.json
2026-08-12 21:58:45,551 - INFO - [存档] 加载成功，开始补全缺失键
2026-08-12 21:59:09,880 - INFO - [存档] 开始加载: c:\Users\a\Desktop\san_guo\Android\ASSET\save.json
2026-08-12 21:59:09,883 - INFO - [存档] 加载成功，开始补全缺失键
2026-08-12 21:59:09,915 - INFO - [字体] 使用内置字体: c:\Users\a\Desktop\san_guo\Android\ASSET\fonts\zihun.ttf
2026-08-12 21:59:09,938 - INFO - [字体] 使用内置字体: c:\Users\a\Desktop\san_guo\Android\ASSET\fonts\zihun.ttf
2026-08-12 22:02:13,284 - INFO - [存档] 开始加载: c:\Users\a\Desktop\san_guo\Android\ASSET\save.json
2026-08-12 22:02:13,292 - INFO - [存档] 加载成功，开始补全缺失键
2026-08-12 22:02:13,348 - INFO - [字体] 使用内置字体: c:\Users\a\Desktop\san_guo\Android\ASSET\fonts\zihun.ttf
2026-08-12 22:02:13,389 - INFO - [字体] 使用内置字体: c:\Users\a\Desktop\san_guo\Android\ASSET\fonts\zihun.ttf
2026-08-12 22:02:15,529 - INFO - [存档] 开始加载: c:\Users/a/Desktop/san_guo/PY C++\ASSET\save.json
2026-08-12 22:02:15,531 - INFO - [存档] 加载成功，开始补全缺失键
2026-08-12 22:02:16,107 - INFO - [字体] 使用内置字体: c:\Users\a\Desktop\san_guo\PY C++\ASSET\fonts\zihun.ttf
2026-08-12 22:02:16,128 - INFO - [字体] 使用内置字体: c:\Users\a\Desktop\san_guo\PY C++\ASSET\fonts\zihun.ttf
2026-08-12 22:02:18,009 - INFO - [存档] 开始加载: c:\Users/a/Desktop/san_guo/san_guo\ASSET\save.json
2026-08-12 22:02:18,012 - INFO - [存档] 加载成功，开始补全缺失键
2026-08-12 22:02:18,215 - INFO - [字体] 使用内置字体: c:\Users\a\Desktop\san_guo\san_guo\ASSET\fonts\zihun.ttf
2026-08-12 22:02:18,234 - INFO - [字体] 使用内置字体: c:\Users\a\Desktop\san_guo\san_guo\ASSET\fonts\zihun.ttf
2026-08-12 22:02:51,097 - INFO - [存档] 开始加载: c:\Users\a\Desktop\san_guo\Android\ASSET\save.json
2026-08-12 22:02:51,100 - INFO - [存档] 加载成功，开始补全缺失键
2026-08-12 22:02:51,176 - INFO - [字体] 使用内置字体: c:\Users\a\Desktop\san_guo\Android\ASSET\fonts\zihun.ttf
2026-08-12 22:02:51,206 - INFO - [字体] 使用内置字体: c:\Users\a\Desktop\san_guo\Android\ASSET\fonts\zihun.ttf
2026-08-12 22:02:53,435 - INFO - [存档] 开始加载: c:\Users/a/Desktop/san_guo/PY C++\ASSET\save.json
2026-08-12 22:02:53,439 - INFO - [存档] 加载成功，开始补全缺失键
2026-08-12 22:02:53,446 - ERROR - [存档] 保存失败: [Errno 13] Permission denied: 'c:\\Users/a/Desktop/san_guo/PY C++\\ASSET\\save.json'
Traceback (most recent call last):
  File "c:\Users/a/Desktop/san_guo/PY C++\ASSET\game_data.py", line 1859, in save
    with open(SAVE_PATH, "w", encoding="utf-8") as f:
         ~~~~^^^^^^^^^^^^^^^^^^^^^^^^^^^^^^^^^^
PermissionError: [Errno 13] Permission denied: 'c:\\Users/a/Desktop/san_guo/PY C++\\ASSET\\save.json'
2026-08-12 22:02:53,484 - INFO - [字体] 使用内置字体: c:\Users\a\Desktop\san_guo\PY C++\ASSET\fonts\zihun.ttf
2026-08-12 22:02:53,515 - INFO - [字体] 使用内置字体: c:\Users\a\Desktop\san_guo\PY C++\ASSET\fonts\zihun.ttf
2026-08-12 22:02:55,945 - INFO - [存档] 开始加载: c:\Users/a/Desktop/san_guo/san_guo\ASSET\save.json
2026-08-12 22:02:55,948 - INFO - [存档] 加载成功，开始补全缺失键
2026-08-12 22:02:55,951 - ERROR - [存档] 保存失败: [Errno 13] Permission denied: 'c:\\Users/a/Desktop/san_guo/san_guo\\ASSET\\save.json'
Traceback (most recent call last):
  File "c:\Users/a/Desktop/san_guo/san_guo\ASSET\game_data.py", line 1859, in save
    with open(SAVE_PATH, "w", encoding="utf-8") as f:
         ~~~~^^^^^^^^^^^^^^^^^^^^^^^^^^^^^^^^^^
PermissionError: [Errno 13] Permission denied: 'c:\\Users/a/Desktop/san_guo/san_guo\\ASSET\\save.json'
2026-08-12 22:02:55,989 - INFO - [字体] 使用内置字体: c:\Users\a\Desktop\san_guo\san_guo\ASSET\fonts\zihun.ttf
2026-08-12 22:02:56,016 - INFO - [字体] 使用内置字体: c:\Users\a\Desktop\san_guo\san_guo\ASSET\fonts\zihun.ttf
2026-08-12 22:02:57,876 - INFO - [字体] 使用内置字体: c:\Users\a\Desktop\san_guo\san_guo\dist\三国名将传完整版\_internal\ASSET\fonts\字魂白鸽天行体(商用需授权).ttf
2026-08-12 22:05:12,039 - INFO - [存档] 开始加载: c:\Users\a\Desktop\san_guo\Android\ASSET\save.json
2026-08-12 22:05:12,047 - INFO - [存档] 加载成功，开始补全缺失键
2026-08-12 22:05:12,144 - INFO - [字体] 使用内置字体: c:\Users\a\Desktop\san_guo\Android\ASSET\fonts\zihun.ttf
2026-08-12 22:05:12,193 - INFO - [字体] 使用内置字体: c:\Users\a\Desktop\san_guo\Android\ASSET\fonts\zihun.ttf
2026-08-12 22:05:15,561 - INFO - [存档] 开始加载: c:\Users/a/Desktop/san_guo/PY C++\ASSET\save.json
2026-08-12 22:05:15,564 - INFO - [存档] 加载成功，开始补全缺失键
2026-08-12 22:05:15,569 - ERROR - [存档] 保存失败: [Errno 13] Permission denied: 'c:\\Users/a/Desktop/san_guo/PY C++\\ASSET\\save.json'
Traceback (most recent call last):
  File "c:\Users/a/Desktop/san_guo/PY C++\ASSET\game_data.py", line 1888, in save
    with open(SAVE_PATH, "w", encoding="utf-8") as f:
         ~~~~^^^^^^^^^^^^^^^^^^^^^^^^^^^^^^^^^^
PermissionError: [Errno 13] Permission denied: 'c:\\Users/a/Desktop/san_guo/PY C++\\ASSET\\save.json'
2026-08-12 22:05:15,644 - INFO - [字体] 使用内置字体: c:\Users\a\Desktop\san_guo\PY C++\ASSET\fonts\zihun.ttf
2026-08-12 22:05:15,682 - INFO - [字体] 使用内置字体: c:\Users\a\Desktop\san_guo\PY C++\ASSET\fonts\zihun.ttf
2026-08-12 22:05:19,446 - INFO - [存档] 开始加载: c:\Users/a/Desktop/san_guo/san_guo\ASSET\save.json
2026-08-12 22:05:19,448 - INFO - [存档] 加载成功，开始补全缺失键
2026-08-12 22:05:19,462 - ERROR - [存档] 保存失败: [Errno 13] Permission denied: 'c:\\Users/a/Desktop/san_guo/san_guo\\ASSET\\save.json'
Traceback (most recent call last):
  File "c:\Users/a/Desktop/san_guo/san_guo\ASSET\game_data.py", line 1888, in save
    with open(SAVE_PATH, "w", encoding="utf-8") as f:
         ~~~~^^^^^^^^^^^^^^^^^^^^^^^^^^^^^^^^^^
PermissionError: [Errno 13] Permission denied: 'c:\\Users/a/Desktop/san_guo/san_guo\\ASSET\\save.json'
2026-08-12 22:05:19,515 - INFO - [字体] 使用内置字体: c:\Users\a\Desktop\san_guo\san_guo\ASSET\fonts\zihun.ttf
2026-08-12 22:05:19,549 - INFO - [字体] 使用内置字体: c:\Users\a\Desktop\san_guo\san_guo\ASSET\fonts\zihun.ttf
2026-08-12 22:05:25,132 - INFO - [字体] 使用内置字体: c:\Users\a\Desktop\san_guo\san_guo\dist\三国名将传完整版\_internal\ASSET\fonts\字魂白鸽天行体(商用需授权).ttf
2026-08-12 22:18:38,446 - INFO - [存档] 开始加载: c:\Users\a\Desktop\san_guo\Android\ASSET\save.json
2026-08-12 22:18:38,450 - INFO - [存档] 加载成功，开始补全缺失键
2026-08-12 22:18:38,509 - INFO - [字体] 使用内置字体: c:\Users\a\Desktop\san_guo\Android\ASSET\fonts\zihun.ttf
2026-08-12 22:18:38,705 - INFO - [存档] 开始加载: c:/Users/a/Desktop/san_guo/PY C++/ASSET\save.json
2026-08-12 22:18:38,707 - INFO - [存档] 加载成功，开始补全缺失键
2026-08-12 22:18:38,712 - ERROR - [存档] 保存失败: [Errno 13] Permission denied: 'c:/Users/a/Desktop/san_guo/PY C++/ASSET\\save.json'
Traceback (most recent call last):
  File "c:/Users/a/Desktop/san_guo/PY C++/ASSET/game_data.py", line 1888, in save
    with open(SAVE_PATH, "w", encoding="utf-8") as f:
         ~~~~^^^^^^^^^^^^^^^^^^^^^^^^^^^^^^^^^^
PermissionError: [Errno 13] Permission denied: 'c:/Users/a/Desktop/san_guo/PY C++/ASSET\\save.json'
2026-08-12 22:18:38,753 - INFO - [字体] 使用内置字体: c:\Users\a\Desktop\san_guo\PY C++\ASSET\fonts\zihun.ttf
2026-08-12 22:18:38,841 - INFO - [存档] 开始加载: c:/Users/a/Desktop/san_guo/san_guo/ASSET\save.json
2026-08-12 22:18:38,844 - INFO - [存档] 加载成功，开始补全缺失键
2026-08-12 22:18:38,853 - ERROR - [存档] 保存失败: [Errno 13] Permission denied: 'c:/Users/a/Desktop/san_guo/san_guo/ASSET\\save.json'
Traceback (most recent call last):
  File "c:/Users/a/Desktop/san_guo/san_guo/ASSET/game_data.py", line 1888, in save
    with open(SAVE_PATH, "w", encoding="utf-8") as f:
         ~~~~^^^^^^^^^^^^^^^^^^^^^^^^^^^^^^^^^^
PermissionError: [Errno 13] Permission denied: 'c:/Users/a/Desktop/san_guo/san_guo/ASSET\\save.json'
2026-08-12 22:18:38,896 - INFO - [字体] 使用内置字体: c:\Users\a\Desktop\san_guo\san_guo\ASSET\fonts\zihun.ttf
2026-08-12 22:19:23,003 - INFO - [存档] 开始加载: c:\Users\a\Desktop\san_guo\Android\ASSET\save.json
2026-08-12 22:19:23,014 - INFO - [存档] 加载成功，开始补全缺失键
2026-08-12 22:19:23,030 - INFO - [存档] 开始加载: c:\Users\a\Desktop\san_guo\Android\ASSET\save.json
2026-08-12 22:19:23,032 - INFO - [存档] 加载成功，开始补全缺失键
2026-08-12 22:19:23,076 - INFO - [字体] 使用内置字体: c:\Users\a\Desktop\san_guo\Android\ASSET\fonts\zihun.ttf
2026-08-12 22:19:23,229 - INFO - [字体] 使用内置字体: c:\Users\a\Desktop\san_guo\Android\ASSET\fonts\zihun.ttf
2026-08-12 22:19:23,348 - INFO - [存档] 开始加载: c:\Users/a/Desktop/san_guo/PY C++\ASSET\save.json
2026-08-12 22:19:23,351 - INFO - [存档] 加载成功，开始补全缺失键
2026-08-12 22:19:23,354 - ERROR - [存档] 保存失败: [Errno 13] Permission denied: 'c:\\Users/a/Desktop/san_guo/PY C++\\ASSET\\save.json'
Traceback (most recent call last):
  File "c:\Users/a/Desktop/san_guo/PY C++\ASSET\game_data.py", line 1888, in save
    with open(SAVE_PATH, "w", encoding="utf-8") as f:
         ~~~~^^^^^^^^^^^^^^^^^^^^^^^^^^^^^^^^^^
PermissionError: [Errno 13] Permission denied: 'c:\\Users/a/Desktop/san_guo/PY C++\\ASSET\\save.json'
2026-08-12 22:19:23,383 - INFO - [存档] 开始加载: c:/Users/a/Desktop/san_guo/PY C++\ASSET\save.json
2026-08-12 22:19:23,385 - INFO - [存档] 加载成功，开始补全缺失键
2026-08-12 22:19:23,394 - ERROR - [存档] 保存失败: [Errno 13] Permission denied: 'c:/Users/a/Desktop/san_guo/PY C++\\ASSET\\save.json'
Traceback (most recent call last):
  File "c:/Users/a/Desktop/san_guo/PY C++\ASSET\game_data.py", line 1888, in save
    with open(SAVE_PATH, "w", encoding="utf-8") as f:
         ~~~~^^^^^^^^^^^^^^^^^^^^^^^^^^^^^^^^^^
PermissionError: [Errno 13] Permission denied: 'c:/Users/a/Desktop/san_guo/PY C++\\ASSET\\save.json'
2026-08-12 22:19:23,432 - INFO - [字体] 使用内置字体: c:\Users\a\Desktop\san_guo\PY C++\ASSET\fonts\zihun.ttf
2026-08-12 22:19:23,509 - INFO - [存档] 开始加载: c:\Users/a/Desktop/san_guo/san_guo\ASSET\save.json
2026-08-12 22:19:23,511 - INFO - [存档] 加载成功，开始补全缺失键
2026-08-12 22:19:23,517 - ERROR - [存档] 保存失败: [Errno 13] Permission denied: 'c:\\Users/a/Desktop/san_guo/san_guo\\ASSET\\save.json'
Traceback (most recent call last):
  File "c:\Users/a/Desktop/san_guo/san_guo\ASSET\game_data.py", line 1888, in save
    with open(SAVE_PATH, "w", encoding="utf-8") as f:
         ~~~~^^^^^^^^^^^^^^^^^^^^^^^^^^^^^^^^^^
PermissionError: [Errno 13] Permission denied: 'c:\\Users/a/Desktop/san_guo/san_guo\\ASSET\\save.json'
2026-08-12 22:19:23,532 - INFO - [存档] 开始加载: c:/Users/a/Desktop/san_guo/san_guo\ASSET\save.json
2026-08-12 22:19:23,534 - INFO - [存档] 加载成功，开始补全缺失键
2026-08-12 22:19:23,545 - ERROR - [存档] 保存失败: [Errno 13] Permission denied: 'c:/Users/a/Desktop/san_guo/san_guo\\ASSET\\save.json'
Traceback (most recent call last):
  File "c:/Users/a/Desktop/san_guo/san_guo\ASSET\game_data.py", line 1888, in save
    with open(SAVE_PATH, "w", encoding="utf-8") as f:
         ~~~~^^^^^^^^^^^^^^^^^^^^^^^^^^^^^^^^^^
PermissionError: [Errno 13] Permission denied: 'c:/Users/a/Desktop/san_guo/san_guo\\ASSET\\save.json'
2026-08-12 22:19:23,587 - INFO - [字体] 使用内置字体: c:\Users\a\Desktop\san_guo\san_guo\ASSET\fonts\zihun.ttf
